xFormers not available
xFormers not available
[2025-12-03 00:06:36,769][    INFO] {'bs': 1,
 'dataset': 'HyperSim',
 'encoder': 'vits',
 'img_size': 518,
 'load_from': '/home/tand/Documents/class/cs523/project/depth_anything_v2/Depth-Anything-V2/metric_depth/exp/HyperSim/ai_003_009/vits_HyperSim_v1.pth',
 'max_depth': 20.0,
 'min_depth': 0.001,
 'ngpus': 0,
 'outdir': 'ptq_log_newpyt',
 'pyt_ver': 'newpyt',
 'strict': 'nonstrict',
 'test_lim': 1}

[2025-12-03 00:06:36,770][    INFO] Using "cpu"
[2025-12-03 00:06:37,272][    INFO] Testing original model
Device: "cpu"
Size (full): 99.22 MB
[2025-12-03 00:06:41,120][    INFO] Measured over "1" samples of training data from "HyperSim" dataset
[2025-12-03 00:06:41,120][    INFO] Time is in seconds per sample (only for inference step)
[2025-12-03 00:06:41,120][    INFO]  
[2025-12-03 00:06:41,121][    INFO] ==================================================================================================
[2025-12-03 00:06:41,121][    INFO]       d1,       d2,       d3,  abs_rel,   sq_rel,     rmse, rmse_log,    log10,    silog,     time
[2025-12-03 00:06:41,121][    INFO]    0.997,    0.999,    1.000,    0.022,    0.005,    0.158,    0.037,    0.009,    0.036,    1.432
[2025-12-03 00:06:41,121][    INFO] ==================================================================================================

[2025-12-03 00:10:43,671][    INFO] Testing quantized model
[2025-12-03 00:10:45,722][    INFO] Measured over "1" samples of training data from "HyperSim" dataset
[2025-12-03 00:10:45,723][    INFO] Time is in seconds per sample (only for inference step)
[2025-12-03 00:10:45,723][    INFO]  
[2025-12-03 00:10:45,723][    INFO] ==================================================================================================
[2025-12-03 00:10:45,723][    INFO]       d1,       d2,       d3,  abs_rel,   sq_rel,     rmse, rmse_log,    log10,    silog,     time
[2025-12-03 00:10:45,723][    INFO]    0.997,    0.999,    1.000,    0.022,    0.005,    0.158,    0.037,    0.009,    0.036,    1.846
[2025-12-03 00:10:45,723][    INFO] ==================================================================================================

Size (quantized): 98.91 MB
No CUDA runtime is found, using CUDA_HOME='/home/tand/miniconda3/envs/cs523'
[2025-12-03 00:10:53,563][    INFO] Measured over "1" samples of training data from "HyperSim" dataset
[2025-12-03 00:10:53,563][    INFO] Time is in seconds per sample (only for inference step)
[2025-12-03 00:10:53,563][    INFO]  
[2025-12-03 00:10:53,563][    INFO] ==================================================================================================
[2025-12-03 00:10:53,564][    INFO]       d1,       d2,       d3,  abs_rel,   sq_rel,     rmse, rmse_log,    log10,    silog,     time
[2025-12-03 00:10:53,564][    INFO]    0.997,    0.999,    1.000,    0.022,    0.005,    0.158,    0.037,    0.009,    0.036,    6.782
[2025-12-03 00:10:53,564][    INFO] ==================================================================================================

Size (optimized): 98.91 MB
