xFormers not available
xFormers not available
[2025-12-02 18:29:30,960][    INFO] {'bs': 1,
 'dataset': 'HyperSim',
 'encoder': 'vits',
 'img_size': 518,
 'load_from': '/home/tand/Documents/class/cs523/project/depth_anything_v2/Depth-Anything-V2/metric_depth/exp/HyperSim/ai_003_009/vits_HyperSim_v1.pth',
 'max_depth': 20.0,
 'min_depth': 0.001,
 'ngpus': 0,
 'outdir': 'ptq_log',
 'strict': 'nonstrict',
 'test_lim': 20}

[2025-12-02 18:29:30,961][    INFO] Using "cpu"
[2025-12-02 18:29:31,433][    INFO] Testing original model
Device: "cpu"
Size (full): 99.22 MB
[2025-12-02 18:30:10,628][    INFO] Measured over "20" samples of training data from "HyperSim" dataset
[2025-12-02 18:30:10,628][    INFO] Time is in seconds per sample (only for inference step)
[2025-12-02 18:30:10,628][    INFO]  
[2025-12-02 18:30:10,628][    INFO] ==================================================================================================
[2025-12-02 18:30:10,628][    INFO]       d1,       d2,       d3,  abs_rel,   sq_rel,     rmse, rmse_log,    log10,    silog,     time
[2025-12-02 18:30:10,628][    INFO]    0.998,    1.000,    1.000,    0.026,    0.007,    0.202,    0.036,    0.011,    0.032,    1.924
[2025-12-02 18:30:10,628][    INFO] ==================================================================================================

[2025-12-02 18:30:16,036][    INFO] Testing quantized model
[2025-12-02 18:30:54,822][    INFO] Measured over "20" samples of training data from "HyperSim" dataset
[2025-12-02 18:30:54,822][    INFO] Time is in seconds per sample (only for inference step)
[2025-12-02 18:30:54,822][    INFO]  
[2025-12-02 18:30:54,823][    INFO] ==================================================================================================
[2025-12-02 18:30:54,823][    INFO]       d1,       d2,       d3,  abs_rel,   sq_rel,     rmse, rmse_log,    log10,    silog,     time
[2025-12-02 18:30:54,823][    INFO]    0.998,    1.000,    1.000,    0.026,    0.007,    0.202,    0.036,    0.011,    0.032,    1.918
[2025-12-02 18:30:54,823][    INFO] ==================================================================================================

Size (quantized): 98.91 MB
Traceback (most recent call last):
  File "/home/tand/Documents/class/cs523/project/depth_anything_v2/Depth-Anything-V2/metric_depth/PTQ/run_ptq_x86.py", line 325, in <module>
    main()
  File "/home/tand/Documents/class/cs523/project/depth_anything_v2/Depth-Anything-V2/metric_depth/PTQ/run_ptq_x86.py", line 303, in main
    torch.save(quantized_model, os.path.join(args.outdir, f'{args.encoder}_{args.dataset}_pqt_{args.strict}_x86_v1.pth'))
  File "/home/tand/miniconda3/envs/cs523/lib/python3.10/site-packages/torch/serialization.py", line 944, in save
    _save(
  File "/home/tand/miniconda3/envs/cs523/lib/python3.10/site-packages/torch/serialization.py", line 1190, in _save
    pickler.dump(obj)
  File "/home/tand/miniconda3/envs/cs523/lib/python3.10/site-packages/torch/fx/graph_module.py", line 864, in __reduce__
    python_code = self.recompile()
  File "/home/tand/miniconda3/envs/cs523/lib/python3.10/site-packages/torch/fx/graph_module.py", line 802, in recompile
    python_code = self._graph.python_code(root_module="self")
  File "/home/tand/miniconda3/envs/cs523/lib/python3.10/site-packages/torch/fx/graph.py", line 1637, in python_code
    return self._python_code(
  File "/home/tand/miniconda3/envs/cs523/lib/python3.10/site-packages/torch/fx/graph.py", line 1656, in _python_code
    return self._codegen._gen_python_code(
  File "/home/tand/miniconda3/envs/cs523/lib/python3.10/site-packages/torch/fx/graph.py", line 761, in _gen_python_code
    emit_node(node)
  File "/home/tand/miniconda3/envs/cs523/lib/python3.10/site-packages/torch/fx/graph.py", line 727, in emit_node
    f"{repr(node)}{maybe_type_annotation} = {global_name}({_format_args(node.args, node.kwargs)})"
  File "/home/tand/miniconda3/envs/cs523/lib/python3.10/site-packages/torch/fx/graph.py", line 558, in _format_args
    args_s = ", ".join(_get_repr(a) for a in args)
  File "/home/tand/miniconda3/envs/cs523/lib/python3.10/site-packages/torch/fx/graph.py", line 558, in <genexpr>
    args_s = ", ".join(_get_repr(a) for a in args)
  File "/home/tand/miniconda3/envs/cs523/lib/python3.10/site-packages/torch/fx/graph.py", line 527, in _get_repr
    elif isinstance(
  File "/home/tand/miniconda3/envs/cs523/lib/python3.10/abc.py", line 119, in __instancecheck__
    return _abc_instancecheck(cls, instance)
RecursionError: maximum recursion depth exceeded in comparison
