xFormers not available
xFormers not available
[2025-12-02 15:59:32,727][    INFO] {'bs': 4,
 'dataset': 'HyperSim',
 'encoder': 'vits',
 'img_size': 518,
 'load_from': '/home/tand/Documents/class/cs523/project/depth_anything_v2/Depth-Anything-V2/metric_depth/exp/HyperSim/ai_003_009/vits_HyperSim_v1.pth',
 'max_depth': 20.0,
 'min_depth': 0.001,
 'ngpus': 0,
 'outdir': 'ptq_log'}

[2025-12-02 15:59:32,728][    INFO] Using "cpu"
[2025-12-02 15:59:33,202][    INFO] Testing original model
Device: "cpu"
Size (full): 99.22 MB
[2025-12-02 15:59:46,447][    INFO] Performance of model from "/home/tand/Documents/class/cs523/project/depth_anything_v2/Depth-Anything-V2/metric_depth/exp/HyperSim/ai_003_009/vits_HyperSim_v1.pth"
[2025-12-02 15:59:46,447][    INFO] Measured over "2" samples of training data from "HyperSim" dataset
[2025-12-02 15:59:46,447][    INFO] Time is in seconds per sample (only for inference step)
[2025-12-02 15:59:46,447][    INFO]  
[2025-12-02 15:59:46,448][    INFO] ==================================================================================================
[2025-12-02 15:59:46,448][    INFO]       d1,       d2,       d3,  abs_rel,   sq_rel,     rmse, rmse_log,    log10,    silog,     time
[2025-12-02 15:59:46,448][    INFO]    0.997,    0.999,    1.000,    0.028,    0.006,    0.157,    0.040,    0.012,    0.036,    6.332
[2025-12-02 15:59:46,448][    INFO] ==================================================================================================

[2025-12-02 15:59:48,592][    INFO] Testing quantized model
[2025-12-02 16:00:01,859][    INFO] Performance of model from "/home/tand/Documents/class/cs523/project/depth_anything_v2/Depth-Anything-V2/metric_depth/exp/HyperSim/ai_003_009/vits_HyperSim_v1.pth"
[2025-12-02 16:00:01,859][    INFO] Measured over "2" samples of training data from "HyperSim" dataset
[2025-12-02 16:00:01,859][    INFO] Time is in seconds per sample (only for inference step)
[2025-12-02 16:00:01,859][    INFO]  
[2025-12-02 16:00:01,859][    INFO] ==================================================================================================
[2025-12-02 16:00:01,859][    INFO]       d1,       d2,       d3,  abs_rel,   sq_rel,     rmse, rmse_log,    log10,    silog,     time
[2025-12-02 16:00:01,859][    INFO]    0.997,    0.999,    1.000,    0.028,    0.006,    0.157,    0.040,    0.012,    0.036,    6.457
[2025-12-02 16:00:01,859][    INFO] ==================================================================================================

Size (quantized): 98.91 MB
