xFormers not available
xFormers not available
[2025-12-02 18:41:22,896][    INFO] {'bs': 1,
 'dataset': 'HyperSim',
 'encoder': 'vits',
 'img_size': 518,
 'load_from': '/home/tand/Documents/class/cs523/project/depth_anything_v2/Depth-Anything-V2/metric_depth/exp/HyperSim/ai_003_009/vits_HyperSim_v1.pth',
 'max_depth': 20.0,
 'min_depth': 0.001,
 'ngpus': 0,
 'outdir': 'ptq_log',
 'strict': 'nonstrict',
 'test_lim': 1}

[2025-12-02 18:41:22,897][    INFO] Using "cpu"
[2025-12-02 18:41:23,361][    INFO] Testing original model
Device: "cpu"
Size (full): 99.22 MB
[2025-12-02 18:41:27,282][    INFO] Measured over "1" samples of training data from "HyperSim" dataset
[2025-12-02 18:41:27,282][    INFO] Time is in seconds per sample (only for inference step)
[2025-12-02 18:41:27,282][    INFO]  
[2025-12-02 18:41:27,283][    INFO] ==================================================================================================
[2025-12-02 18:41:27,283][    INFO]       d1,       d2,       d3,  abs_rel,   sq_rel,     rmse, rmse_log,    log10,    silog,     time
[2025-12-02 18:41:27,283][    INFO]    0.997,    0.999,    1.000,    0.022,    0.005,    0.158,    0.037,    0.009,    0.036,    1.530
[2025-12-02 18:41:27,283][    INFO] ==================================================================================================

[2025-12-02 18:41:37,961][    INFO] Testing quantized model
[2025-12-02 18:41:41,002][    INFO] Measured over "1" samples of training data from "HyperSim" dataset
[2025-12-02 18:41:41,002][    INFO] Time is in seconds per sample (only for inference step)
[2025-12-02 18:41:41,002][    INFO]  
[2025-12-02 18:41:41,003][    INFO] ==================================================================================================
[2025-12-02 18:41:41,003][    INFO]       d1,       d2,       d3,  abs_rel,   sq_rel,     rmse, rmse_log,    log10,    silog,     time
[2025-12-02 18:41:41,003][    INFO]    0.977,    0.998,    1.000,    0.035,    0.012,    0.209,    0.063,    0.014,    0.063,    2.855
[2025-12-02 18:41:41,003][    INFO] ==================================================================================================

Size (quantized): 123.68 MB
No CUDA runtime is found, using CUDA_HOME='/home/tand/miniconda3/envs/cs523'
[2025-12-02 18:41:49,840][    INFO] Measured over "1" samples of training data from "HyperSim" dataset
[2025-12-02 18:41:49,841][    INFO] Time is in seconds per sample (only for inference step)
[2025-12-02 18:41:49,841][    INFO]  
[2025-12-02 18:41:49,841][    INFO] ==================================================================================================
[2025-12-02 18:41:49,841][    INFO]       d1,       d2,       d3,  abs_rel,   sq_rel,     rmse, rmse_log,    log10,    silog,     time
[2025-12-02 18:41:49,841][    INFO]    0.977,    0.998,    1.000,    0.034,    0.013,    0.214,    0.063,    0.014,    0.063,    7.857
[2025-12-02 18:41:49,841][    INFO] ==================================================================================================

Size (optimized): 123.69 MB
