xFormers not available
xFormers not available
[2025-12-02 16:02:33,543][    INFO] {'bs': 4,
 'dataset': 'HyperSim',
 'encoder': 'vits',
 'img_size': 518,
 'load_from': '/home/tand/Documents/class/cs523/project/depth_anything_v2/Depth-Anything-V2/metric_depth/exp/HyperSim/ai_003_009/vits_HyperSim_v1.pth',
 'max_depth': 20.0,
 'min_depth': 0.001,
 'ngpus': 0,
 'outdir': 'ptq_log'}

[2025-12-02 16:02:33,545][    INFO] Using "cpu"
[2025-12-02 16:02:34,027][    INFO] Testing original model
Device: "cpu"
Size (full): 99.22 MB
[2025-12-02 16:03:02,053][    INFO] Performance of model from "/home/tand/Documents/class/cs523/project/depth_anything_v2/Depth-Anything-V2/metric_depth/exp/HyperSim/ai_003_009/vits_HyperSim_v1.pth"
[2025-12-02 16:03:02,053][    INFO] Measured over "4" samples of training data from "HyperSim" dataset
[2025-12-02 16:03:02,053][    INFO] Time is in seconds per sample (only for inference step)
[2025-12-02 16:03:02,053][    INFO]  
[2025-12-02 16:03:02,054][    INFO] ==================================================================================================
[2025-12-02 16:03:02,054][    INFO]       d1,       d2,       d3,  abs_rel,   sq_rel,     rmse, rmse_log,    log10,    silog,     time
[2025-12-02 16:03:02,054][    INFO]    0.998,    1.000,    1.000,    0.027,    0.008,    0.212,    0.038,    0.011,    0.034,    6.352
[2025-12-02 16:03:02,054][    INFO] ==================================================================================================

[2025-12-02 16:03:04,181][    INFO] Testing quantized model
[2025-12-02 16:03:31,235][    INFO] Performance of model from "/home/tand/Documents/class/cs523/project/depth_anything_v2/Depth-Anything-V2/metric_depth/exp/HyperSim/ai_003_009/vits_HyperSim_v1.pth"
[2025-12-02 16:03:31,235][    INFO] Measured over "4" samples of training data from "HyperSim" dataset
[2025-12-02 16:03:31,235][    INFO] Time is in seconds per sample (only for inference step)
[2025-12-02 16:03:31,235][    INFO]  
[2025-12-02 16:03:31,236][    INFO] ==================================================================================================
[2025-12-02 16:03:31,236][    INFO]       d1,       d2,       d3,  abs_rel,   sq_rel,     rmse, rmse_log,    log10,    silog,     time
[2025-12-02 16:03:31,236][    INFO]    0.998,    1.000,    1.000,    0.027,    0.008,    0.212,    0.038,    0.011,    0.034,    6.659
[2025-12-02 16:03:31,236][    INFO] ==================================================================================================

Size (quantized): 98.91 MB
