xFormers not available
xFormers not available
[2025-12-02 18:05:26,212][    INFO] {'bs': 1,
 'dataset': 'HyperSim',
 'encoder': 'vits',
 'img_size': 518,
 'load_from': '/home/tand/Documents/class/cs523/project/depth_anything_v2/Depth-Anything-V2/metric_depth/exp/HyperSim/ai_003_009/vits_HyperSim_v1.pth',
 'max_depth': 20.0,
 'min_depth': 0.001,
 'ngpus': 0,
 'outdir': 'ptq_log'}

[2025-12-02 18:05:26,213][    INFO] Using "cpu"
[2025-12-02 18:05:26,688][    INFO] Testing original model
Device: "cpu"
Size (full): 99.22 MB
[2025-12-02 18:06:06,094][    INFO] Measured over "20" samples of training data from "HyperSim" dataset
[2025-12-02 18:06:06,094][    INFO] Time is in seconds per sample (only for inference step)
[2025-12-02 18:06:06,094][    INFO]  
[2025-12-02 18:06:06,094][    INFO] ==================================================================================================
[2025-12-02 18:06:06,094][    INFO]       d1,       d2,       d3,  abs_rel,   sq_rel,     rmse, rmse_log,    log10,    silog,     time
[2025-12-02 18:06:06,095][    INFO]    0.998,    1.000,    1.000,    0.026,    0.007,    0.202,    0.036,    0.011,    0.032,    1.839
[2025-12-02 18:06:06,095][    INFO] ==================================================================================================

[2025-12-02 18:06:16,945][    INFO] Testing quantized model
[2025-12-02 18:07:11,782][    INFO] Measured over "20" samples of training data from "HyperSim" dataset
[2025-12-02 18:07:11,782][    INFO] Time is in seconds per sample (only for inference step)
[2025-12-02 18:07:11,782][    INFO]  
[2025-12-02 18:07:11,782][    INFO] ==================================================================================================
[2025-12-02 18:07:11,782][    INFO]       d1,       d2,       d3,  abs_rel,   sq_rel,     rmse, rmse_log,    log10,    silog,     time
[2025-12-02 18:07:11,782][    INFO]    0.991,    0.998,    1.000,    0.031,    0.012,    0.257,    0.046,    0.013,    0.044,    2.722
[2025-12-02 18:07:11,782][    INFO] ==================================================================================================

Size (quantized): 123.68 MB
No CUDA runtime is found, using CUDA_HOME='/home/tand/miniconda3/envs/cs523'
[2025-12-02 18:08:16,277][    INFO] Measured over "20" samples of training data from "HyperSim" dataset
[2025-12-02 18:08:16,277][    INFO] Time is in seconds per sample (only for inference step)
[2025-12-02 18:08:16,277][    INFO]  
[2025-12-02 18:08:16,277][    INFO] ==================================================================================================
[2025-12-02 18:08:16,277][    INFO]       d1,       d2,       d3,  abs_rel,   sq_rel,     rmse, rmse_log,    log10,    silog,     time
[2025-12-02 18:08:16,278][    INFO]    0.991,    0.998,    1.000,    0.031,    0.012,    0.258,    0.046,    0.013,    0.044,    3.158
[2025-12-02 18:08:16,278][    INFO] ==================================================================================================

Size (optimized): 123.69 MB
