/projectnb/cs523aw/students/isara/software/dav2/lib/python3.12/site-packages/torch/distributed/launch.py:207: FutureWarning: The module torch.distributed.launch is deprecated
and will be removed in future. Use torchrun.
Note that --use-env is set by default in torchrun.
If your script expects `--local-rank` argument to be set, please
change it to read from `os.environ['LOCAL_RANK']` instead. See 
https://pytorch.org/docs/stable/distributed.html#launch-utility for 
further instructions

  main()
xFormers not available
xFormers not available
xFormers not available
xFormers not available
xFormers not available
xFormers not available
xFormers not available
xFormers not available
xFormers not available
xFormers not available
xFormers not available
xFormers not available
xFormers not available
xFormers not available
xFormers not available
xFormers not available
usage: train.py [-h] [--encoder {vits,vitb,vitl,vitg}]
                [--dataset {hypersim,vkitti}] [--img-size IMG_SIZE]
                [--min-depth MIN_DEPTH] [--max-depth MAX_DEPTH]
                [--epochs EPOCHS] [--bs BS] [--lr LR]
                [--pretrained-from PRETRAINED_FROM] --save-path SAVE_PATH
                [--local-rank LOCAL_RANK] [--port PORT]
train.py: error: argument --dataset: invalid choice: 'HyperSim' (choose from hypersim, vkitti)
usage: train.py [-h] [--encoder {vits,vitb,vitl,vitg}]
                [--dataset {hypersim,vkitti}] [--img-size IMG_SIZE]
                [--min-depth MIN_DEPTH] [--max-depth MAX_DEPTH]
                [--epochs EPOCHS] [--bs BS] [--lr LR]
                [--pretrained-from PRETRAINED_FROM] --save-path SAVE_PATH
                [--local-rank LOCAL_RANK] [--port PORT]
train.py: error: argument --dataset: invalid choice: 'HyperSim' (choose from hypersim, vkitti)
usage: train.py [-h] [--encoder {vits,vitb,vitl,vitg}]
                [--dataset {hypersim,vkitti}] [--img-size IMG_SIZE]
                [--min-depth MIN_DEPTH] [--max-depth MAX_DEPTH]
                [--epochs EPOCHS] [--bs BS] [--lr LR]
                [--pretrained-from PRETRAINED_FROM] --save-path SAVE_PATH
                [--local-rank LOCAL_RANK] [--port PORT]
train.py: error: argument --dataset: invalid choice: 'HyperSim' (choose from hypersim, vkitti)
usage: train.py [-h] [--encoder {vits,vitb,vitl,vitg}]
                [--dataset {hypersim,vkitti}] [--img-size IMG_SIZE]
                [--min-depth MIN_DEPTH] [--max-depth MAX_DEPTH]
                [--epochs EPOCHS] [--bs BS] [--lr LR]
                [--pretrained-from PRETRAINED_FROM] --save-path SAVE_PATH
                [--local-rank LOCAL_RANK] [--port PORT]
train.py: error: argument --dataset: invalid choice: 'HyperSim' (choose from hypersim, vkitti)
usage: train.py [-h] [--encoder {vits,vitb,vitl,vitg}]
                [--dataset {hypersim,vkitti}] [--img-size IMG_SIZE]
                [--min-depth MIN_DEPTH] [--max-depth MAX_DEPTH]
                [--epochs EPOCHS] [--bs BS] [--lr LR]
                [--pretrained-from PRETRAINED_FROM] --save-path SAVE_PATH
                [--local-rank LOCAL_RANK] [--port PORT]
train.py: error: argument --dataset: invalid choice: 'HyperSim' (choose from hypersim, vkitti)
usage: train.py [-h] [--encoder {vits,vitb,vitl,vitg}]
                [--dataset {hypersim,vkitti}] [--img-size IMG_SIZE]
                [--min-depth MIN_DEPTH] [--max-depth MAX_DEPTH]
                [--epochs EPOCHS] [--bs BS] [--lr LR]
                [--pretrained-from PRETRAINED_FROM] --save-path SAVE_PATH
                [--local-rank LOCAL_RANK] [--port PORT]
train.py: error: argument --dataset: invalid choice: 'HyperSim' (choose from hypersim, vkitti)
usage: train.py [-h] [--encoder {vits,vitb,vitl,vitg}]
                [--dataset {hypersim,vkitti}] [--img-size IMG_SIZE]
                [--min-depth MIN_DEPTH] [--max-depth MAX_DEPTH]
                [--epochs EPOCHS] [--bs BS] [--lr LR]
                [--pretrained-from PRETRAINED_FROM] --save-path SAVE_PATH
                [--local-rank LOCAL_RANK] [--port PORT]
train.py: error: argument --dataset: invalid choice: 'HyperSim' (choose from hypersim, vkitti)
usage: train.py [-h] [--encoder {vits,vitb,vitl,vitg}]
                [--dataset {hypersim,vkitti}] [--img-size IMG_SIZE]
                [--min-depth MIN_DEPTH] [--max-depth MAX_DEPTH]
                [--epochs EPOCHS] [--bs BS] [--lr LR]
                [--pretrained-from PRETRAINED_FROM] --save-path SAVE_PATH
                [--local-rank LOCAL_RANK] [--port PORT]
train.py: error: argument --dataset: invalid choice: 'HyperSim' (choose from hypersim, vkitti)
W1119 18:50:46.310000 2023800 site-packages/torch/distributed/elastic/multiprocessing/api.py:908] Sending process 2023864 closing signal SIGTERM
W1119 18:50:46.310000 2023800 site-packages/torch/distributed/elastic/multiprocessing/api.py:908] Sending process 2023865 closing signal SIGTERM
W1119 18:50:46.311000 2023800 site-packages/torch/distributed/elastic/multiprocessing/api.py:908] Sending process 2023866 closing signal SIGTERM
W1119 18:50:46.311000 2023800 site-packages/torch/distributed/elastic/multiprocessing/api.py:908] Sending process 2023868 closing signal SIGTERM
W1119 18:50:46.311000 2023800 site-packages/torch/distributed/elastic/multiprocessing/api.py:908] Sending process 2023869 closing signal SIGTERM
W1119 18:50:46.312000 2023800 site-packages/torch/distributed/elastic/multiprocessing/api.py:908] Sending process 2023870 closing signal SIGTERM
W1119 18:50:46.312000 2023800 site-packages/torch/distributed/elastic/multiprocessing/api.py:908] Sending process 2023871 closing signal SIGTERM
E1119 18:50:46.426000 2023800 site-packages/torch/distributed/elastic/multiprocessing/api.py:882] failed (exitcode: 2) local_rank: 3 (pid: 2023867) of binary: /projectnb/cs523aw/students/isara/software/dav2/bin/python3
Traceback (most recent call last):
  File "<frozen runpy>", line 198, in _run_module_as_main
  File "<frozen runpy>", line 88, in _run_code
  File "/projectnb/cs523aw/students/isara/software/dav2/lib/python3.12/site-packages/torch/distributed/launch.py", line 207, in <module>
    main()
  File "/projectnb/cs523aw/students/isara/software/dav2/lib/python3.12/site-packages/typing_extensions.py", line 2956, in wrapper
    return arg(*args, **kwargs)
           ^^^^^^^^^^^^^^^^^^^^
  File "/projectnb/cs523aw/students/isara/software/dav2/lib/python3.12/site-packages/torch/distributed/launch.py", line 203, in main
    launch(args)
  File "/projectnb/cs523aw/students/isara/software/dav2/lib/python3.12/site-packages/torch/distributed/launch.py", line 188, in launch
    run(args)
  File "/projectnb/cs523aw/students/isara/software/dav2/lib/python3.12/site-packages/torch/distributed/run.py", line 927, in run
    elastic_launch(
  File "/projectnb/cs523aw/students/isara/software/dav2/lib/python3.12/site-packages/torch/distributed/launcher/api.py", line 156, in __call__
    return launch_agent(self._config, self._entrypoint, list(args))
           ^^^^^^^^^^^^^^^^^^^^^^^^^^^^^^^^^^^^^^^^^^^^^^^^^^^^^^^^
  File "/projectnb/cs523aw/students/isara/software/dav2/lib/python3.12/site-packages/torch/distributed/launcher/api.py", line 293, in launch_agent
    raise ChildFailedError(
torch.distributed.elastic.multiprocessing.errors.ChildFailedError: 
============================================================
train.py FAILED
------------------------------------------------------------
Failures:
  <NO_OTHER_FAILURES>
------------------------------------------------------------
Root Cause (first observed failure):
[0]:
  time      : 2025-11-19_18:50:46
  host      : scc-202.scc.bu.edu
  rank      : 3 (local_rank: 3)
  exitcode  : 2 (pid: 2023867)
  error_file: <N/A>
  traceback : To enable traceback see: https://pytorch.org/docs/stable/elastic/errors.html
============================================================
