/projectnb/cs523aw/students/isara/software/dav2/lib/python3.12/site-packages/torch/distributed/launch.py:207: FutureWarning: The module torch.distributed.launch is deprecated
and will be removed in future. Use torchrun.
Note that --use-env is set by default in torchrun.
If your script expects `--local-rank` argument to be set, please
change it to read from `os.environ['LOCAL_RANK']` instead. See 
https://pytorch.org/docs/stable/distributed.html#launch-utility for 
further instructions

  main()
xFormers not available
xFormers not available
xFormers not available
xFormers not available
xFormers not available
xFormers not available
xFormers not available
xFormers not available
xFormers not available
xFormers not available
xFormers not available
xFormers not available
xFormers not available
xFormers not available
xFormers not available
xFormers not available
Before setup_distributed
Before setup_distributedBefore setup_distributed

Before setup_distributed
Before setup_distributed
Before setup_distributed
Before setup_distributed
Before setup_distributed
Traceback (most recent call last):
  File "/usr4/cs523aw/isara/depth_estimation/Depth-Anything-V2/metric_depth/train.py", line 218, in <module>
    main()
  File "/usr4/cs523aw/isara/depth_estimation/Depth-Anything-V2/metric_depth/train.py", line 52, in main
    rank, world_size = setup_distributed(port=args.port)
                       ^^^^^^^^^^^^^^^^^^^^^^^^^^^^^^^^^
  File "/usr4/cs523aw/isara/depth_estimation/Depth-Anything-V2/metric_depth/util/dist_helper.py", line 14, in setup_distributed
    print(num_gpu)
          ^^^^^^^
NameError: name 'num_gpu' is not defined. Did you mean: 'num_gpus'?
Traceback (most recent call last):
  File "/usr4/cs523aw/isara/depth_estimation/Depth-Anything-V2/metric_depth/train.py", line 218, in <module>
    main()
  File "/usr4/cs523aw/isara/depth_estimation/Depth-Anything-V2/metric_depth/train.py", line 52, in main
    rank, world_size = setup_distributed(port=args.port)
                       ^^^^^^^^^^^^^^^^^^^^^^^^^^^^^^^^^
  File "/usr4/cs523aw/isara/depth_estimation/Depth-Anything-V2/metric_depth/util/dist_helper.py", line 14, in setup_distributed
    print(num_gpu)
          ^^^^^^^
NameError: name 'num_gpu' is not defined. Did you mean: 'num_gpus'?
Traceback (most recent call last):
  File "/usr4/cs523aw/isara/depth_estimation/Depth-Anything-V2/metric_depth/train.py", line 218, in <module>
    main()
  File "/usr4/cs523aw/isara/depth_estimation/Depth-Anything-V2/metric_depth/train.py", line 52, in main
    rank, world_size = setup_distributed(port=args.port)
                       ^^^^^^^^^^^^^^^^^^^^^^^^^^^^^^^^^
  File "/usr4/cs523aw/isara/depth_estimation/Depth-Anything-V2/metric_depth/util/dist_helper.py", line 14, in setup_distributed
    print(num_gpu)
          ^^^^^^^
NameError: name 'num_gpu' is not defined. Did you mean: 'num_gpus'?
Traceback (most recent call last):
  File "/usr4/cs523aw/isara/depth_estimation/Depth-Anything-V2/metric_depth/train.py", line 218, in <module>
    main()
  File "/usr4/cs523aw/isara/depth_estimation/Depth-Anything-V2/metric_depth/train.py", line 52, in main
    rank, world_size = setup_distributed(port=args.port)
                       ^^^^^^^^^^^^^^^^^^^^^^^^^^^^^^^^^
  File "/usr4/cs523aw/isara/depth_estimation/Depth-Anything-V2/metric_depth/util/dist_helper.py", line 14, in setup_distributed
    print(num_gpu)
          ^^^^^^^
NameError: name 'num_gpu' is not defined. Did you mean: 'num_gpus'?
Traceback (most recent call last):
  File "/usr4/cs523aw/isara/depth_estimation/Depth-Anything-V2/metric_depth/train.py", line 218, in <module>
Traceback (most recent call last):
  File "/usr4/cs523aw/isara/depth_estimation/Depth-Anything-V2/metric_depth/train.py", line 218, in <module>
    main()
  File "/usr4/cs523aw/isara/depth_estimation/Depth-Anything-V2/metric_depth/train.py", line 52, in main
    main()
  File "/usr4/cs523aw/isara/depth_estimation/Depth-Anything-V2/metric_depth/train.py", line 52, in main
    rank, world_size = setup_distributed(port=args.port)    
rank, world_size = setup_distributed(port=args.port)
                                            ^ ^ ^^^^^^^^^^^^^^^^^^^^^^^^^^^^^^^^^^^^^^^^^^^^^^^^^^^^^^^^^^^^^^
^^
  File "/usr4/cs523aw/isara/depth_estimation/Depth-Anything-V2/metric_depth/util/dist_helper.py", line 14, in setup_distributed
  File "/usr4/cs523aw/isara/depth_estimation/Depth-Anything-V2/metric_depth/util/dist_helper.py", line 14, in setup_distributed
        print(num_gpu)print(num_gpu)

                    ^^^^^^^^^^^^^^

NameErrorNameError: : name 'num_gpu' is not definedname 'num_gpu' is not defined. Did you mean: 'num_gpus'?. Did you mean: 'num_gpus'?

Traceback (most recent call last):
  File "/usr4/cs523aw/isara/depth_estimation/Depth-Anything-V2/metric_depth/train.py", line 218, in <module>
    main()
  File "/usr4/cs523aw/isara/depth_estimation/Depth-Anything-V2/metric_depth/train.py", line 52, in main
    rank, world_size = setup_distributed(port=args.port)
Traceback (most recent call last):
          File "/usr4/cs523aw/isara/depth_estimation/Depth-Anything-V2/metric_depth/train.py", line 218, in <module>
               ^^^^^^^^^^^^^^^^^^^^^^^^^^^^^^^^^
  File "/usr4/cs523aw/isara/depth_estimation/Depth-Anything-V2/metric_depth/util/dist_helper.py", line 14, in setup_distributed
    print(num_gpu)
          ^^^^^^^
NameError: name 'num_gpu' is not defined. Did you mean: 'num_gpus'?
    main()
  File "/usr4/cs523aw/isara/depth_estimation/Depth-Anything-V2/metric_depth/train.py", line 52, in main
    rank, world_size = setup_distributed(port=args.port)
                       ^^^^^^^^^^^^^^^^^^^^^^^^^^^^^^^^^
  File "/usr4/cs523aw/isara/depth_estimation/Depth-Anything-V2/metric_depth/util/dist_helper.py", line 14, in setup_distributed
    print(num_gpu)
          ^^^^^^^
NameError: name 'num_gpu' is not defined. Did you mean: 'num_gpus'?
W1119 21:44:30.953000 780407 site-packages/torch/distributed/elastic/multiprocessing/api.py:908] Sending process 780417 closing signal SIGTERM
W1119 21:44:30.954000 780407 site-packages/torch/distributed/elastic/multiprocessing/api.py:908] Sending process 780418 closing signal SIGTERM
W1119 21:44:30.954000 780407 site-packages/torch/distributed/elastic/multiprocessing/api.py:908] Sending process 780421 closing signal SIGTERM
E1119 21:44:31.018000 780407 site-packages/torch/distributed/elastic/multiprocessing/api.py:882] failed (exitcode: 1) local_rank: 0 (pid: 780416) of binary: /projectnb/cs523aw/students/isara/software/dav2/bin/python3
Traceback (most recent call last):
  File "<frozen runpy>", line 198, in _run_module_as_main
  File "<frozen runpy>", line 88, in _run_code
  File "/projectnb/cs523aw/students/isara/software/dav2/lib/python3.12/site-packages/torch/distributed/launch.py", line 207, in <module>
    main()
  File "/projectnb/cs523aw/students/isara/software/dav2/lib/python3.12/site-packages/typing_extensions.py", line 2956, in wrapper
    return arg(*args, **kwargs)
           ^^^^^^^^^^^^^^^^^^^^
  File "/projectnb/cs523aw/students/isara/software/dav2/lib/python3.12/site-packages/torch/distributed/launch.py", line 203, in main
    launch(args)
  File "/projectnb/cs523aw/students/isara/software/dav2/lib/python3.12/site-packages/torch/distributed/launch.py", line 188, in launch
    run(args)
  File "/projectnb/cs523aw/students/isara/software/dav2/lib/python3.12/site-packages/torch/distributed/run.py", line 927, in run
    elastic_launch(
  File "/projectnb/cs523aw/students/isara/software/dav2/lib/python3.12/site-packages/torch/distributed/launcher/api.py", line 156, in __call__
    return launch_agent(self._config, self._entrypoint, list(args))
           ^^^^^^^^^^^^^^^^^^^^^^^^^^^^^^^^^^^^^^^^^^^^^^^^^^^^^^^^
  File "/projectnb/cs523aw/students/isara/software/dav2/lib/python3.12/site-packages/torch/distributed/launcher/api.py", line 293, in launch_agent
    raise ChildFailedError(
torch.distributed.elastic.multiprocessing.errors.ChildFailedError: 
============================================================
train.py FAILED
------------------------------------------------------------
Failures:
[1]:
  time      : 2025-11-19_21:44:30
  host      : scc-204.scc.bu.edu
  rank      : 3 (local_rank: 3)
  exitcode  : 1 (pid: 780419)
  error_file: <N/A>
  traceback : To enable traceback see: https://pytorch.org/docs/stable/elastic/errors.html
[2]:
  time      : 2025-11-19_21:44:30
  host      : scc-204.scc.bu.edu
  rank      : 4 (local_rank: 4)
  exitcode  : 1 (pid: 780420)
  error_file: <N/A>
  traceback : To enable traceback see: https://pytorch.org/docs/stable/elastic/errors.html
[3]:
  time      : 2025-11-19_21:44:30
  host      : scc-204.scc.bu.edu
  rank      : 6 (local_rank: 6)
  exitcode  : 1 (pid: 780422)
  error_file: <N/A>
  traceback : To enable traceback see: https://pytorch.org/docs/stable/elastic/errors.html
[4]:
  time      : 2025-11-19_21:44:30
  host      : scc-204.scc.bu.edu
  rank      : 7 (local_rank: 7)
  exitcode  : 1 (pid: 780423)
  error_file: <N/A>
  traceback : To enable traceback see: https://pytorch.org/docs/stable/elastic/errors.html
------------------------------------------------------------
Root Cause (first observed failure):
[0]:
  time      : 2025-11-19_21:44:30
  host      : scc-204.scc.bu.edu
  rank      : 0 (local_rank: 0)
  exitcode  : 1 (pid: 780416)
  error_file: <N/A>
  traceback : To enable traceback see: https://pytorch.org/docs/stable/elastic/errors.html
============================================================
