xFormers not available
xFormers not available
[2025-12-02 19:12:42,553][    INFO] {'bs': 1,
 'dataset': 'HyperSim',
 'encoder': 'vits',
 'img_size': 518,
 'load_from': '/home/tand/Documents/class/cs523/project/depth_anything_v2/Depth-Anything-V2/metric_depth/exp/HyperSim/ai_003_009/vits_HyperSim_v1.pth',
 'max_depth': 20.0,
 'min_depth': 0.001,
 'ngpus': 0,
 'outdir': 'ptq_log_oldpyt',
 'pyt_ver': 'oldpyt',
 'strict': 'nonstrict',
 'test_lim': 20}

[2025-12-02 19:12:42,554][    INFO] Using "cpu"
[2025-12-02 19:12:43,027][    INFO] Testing original model
Device: "cpu"
Size (full): 99.22 MB
[2025-12-02 19:13:26,262][    INFO] Measured over "20" samples of training data from "HyperSim" dataset
[2025-12-02 19:13:26,262][    INFO] Time is in seconds per sample (only for inference step)
[2025-12-02 19:13:26,262][    INFO]  
[2025-12-02 19:13:26,262][    INFO] ==================================================================================================
[2025-12-02 19:13:26,262][    INFO]       d1,       d2,       d3,  abs_rel,   sq_rel,     rmse, rmse_log,    log10,    silog,     time
[2025-12-02 19:13:26,262][    INFO]    0.998,    1.000,    1.000,    0.026,    0.007,    0.202,    0.036,    0.011,    0.032,    2.025
[2025-12-02 19:13:26,262][    INFO] ==================================================================================================

W1202 19:13:26.517000 59124 site-packages/torch/_export/__init__.py:67] +============================+
W1202 19:13:26.517000 59124 site-packages/torch/_export/__init__.py:68] |     !!!   WARNING   !!!    |
W1202 19:13:26.517000 59124 site-packages/torch/_export/__init__.py:69] +============================+
W1202 19:13:26.517000 59124 site-packages/torch/_export/__init__.py:70] capture_pre_autograd_graph() is deprecated and doesn't provide any function guarantee moving forward.
W1202 19:13:26.517000 59124 site-packages/torch/_export/__init__.py:71] Please switch to use torch.export.export_for_training instead.
[2025-12-02 19:13:39,890][    INFO] Testing quantized model
[2025-12-02 19:14:42,160][    INFO] Measured over "20" samples of training data from "HyperSim" dataset
[2025-12-02 19:14:42,160][    INFO] Time is in seconds per sample (only for inference step)
[2025-12-02 19:14:42,160][    INFO]  
[2025-12-02 19:14:42,161][    INFO] ==================================================================================================
[2025-12-02 19:14:42,161][    INFO]       d1,       d2,       d3,  abs_rel,   sq_rel,     rmse, rmse_log,    log10,    silog,     time
[2025-12-02 19:14:42,161][    INFO]    0.991,    0.998,    1.000,    0.031,    0.012,    0.257,    0.046,    0.013,    0.044,    3.092
[2025-12-02 19:14:42,161][    INFO] ==================================================================================================

Size (quantized): 25.35 MB
No CUDA runtime is found, using CUDA_HOME='/home/tand/miniconda3/envs/cs523'
[2025-12-02 19:16:09,587][    INFO] Measured over "20" samples of training data from "HyperSim" dataset
[2025-12-02 19:16:09,587][    INFO] Time is in seconds per sample (only for inference step)
[2025-12-02 19:16:09,587][    INFO]  
[2025-12-02 19:16:09,588][    INFO] ==================================================================================================
[2025-12-02 19:16:09,588][    INFO]       d1,       d2,       d3,  abs_rel,   sq_rel,     rmse, rmse_log,    log10,    silog,     time
[2025-12-02 19:16:09,588][    INFO]    0.991,    0.998,    1.000,    0.031,    0.012,    0.258,    0.046,    0.013,    0.044,    4.304
[2025-12-02 19:16:09,588][    INFO] ==================================================================================================

Size (optimized): 25.35 MB
