xFormers not available
xFormers not available
[2025-12-02 19:01:35,644][    INFO] {'bs': 1,
 'dataset': 'HyperSim',
 'encoder': 'vits',
 'img_size': 518,
 'load_from': '/home/tand/Documents/class/cs523/project/depth_anything_v2/Depth-Anything-V2/metric_depth/exp/HyperSim/ai_003_009/vits_HyperSim_v1.pth',
 'max_depth': 20.0,
 'min_depth': 0.001,
 'ngpus': 0,
 'outdir': 'ptq_log_newpyt',
 'pyt_ver': 'newpyt',
 'strict': 'nonstrict',
 'test_lim': 20}

[2025-12-02 19:01:35,645][    INFO] Using "cpu"
[2025-12-02 19:01:36,124][    INFO] Testing original model
Device: "cpu"
Size (full): 99.22 MB
[2025-12-02 19:02:17,136][    INFO] Measured over "20" samples of training data from "HyperSim" dataset
[2025-12-02 19:02:17,136][    INFO] Time is in seconds per sample (only for inference step)
[2025-12-02 19:02:17,136][    INFO]  
[2025-12-02 19:02:17,137][    INFO] ==================================================================================================
[2025-12-02 19:02:17,137][    INFO]       d1,       d2,       d3,  abs_rel,   sq_rel,     rmse, rmse_log,    log10,    silog,     time
[2025-12-02 19:02:17,137][    INFO]    0.998,    1.000,    1.000,    0.026,    0.007,    0.202,    0.036,    0.011,    0.032,    1.915
[2025-12-02 19:02:17,137][    INFO] ==================================================================================================

[2025-12-02 19:02:22,823][    INFO] Testing quantized model
[2025-12-02 19:02:57,836][    INFO] Measured over "20" samples of training data from "HyperSim" dataset
[2025-12-02 19:02:57,836][    INFO] Time is in seconds per sample (only for inference step)
[2025-12-02 19:02:57,836][    INFO]  
[2025-12-02 19:02:57,836][    INFO] ==================================================================================================
[2025-12-02 19:02:57,836][    INFO]       d1,       d2,       d3,  abs_rel,   sq_rel,     rmse, rmse_log,    log10,    silog,     time
[2025-12-02 19:02:57,836][    INFO]    0.998,    1.000,    1.000,    0.026,    0.007,    0.202,    0.036,    0.011,    0.032,    1.726
[2025-12-02 19:02:57,836][    INFO] ==================================================================================================

Size (quantized): 98.91 MB
No CUDA runtime is found, using CUDA_HOME='/home/tand/miniconda3/envs/cs523'
[2025-12-02 19:03:52,176][    INFO] Measured over "20" samples of training data from "HyperSim" dataset
[2025-12-02 19:03:52,176][    INFO] Time is in seconds per sample (only for inference step)
[2025-12-02 19:03:52,176][    INFO]  
[2025-12-02 19:03:52,177][    INFO] ==================================================================================================
[2025-12-02 19:03:52,177][    INFO]       d1,       d2,       d3,  abs_rel,   sq_rel,     rmse, rmse_log,    log10,    silog,     time
[2025-12-02 19:03:52,177][    INFO]    0.998,    1.000,    1.000,    0.026,    0.007,    0.202,    0.036,    0.011,    0.032,    2.649
[2025-12-02 19:03:52,177][    INFO] ==================================================================================================

Size (optimized): 98.91 MB
