xFormers not available
xFormers not available
[2025-12-02 23:57:01,411][    INFO] {'bs': 1,
 'dataset': 'HyperSim',
 'encoder': 'vits',
 'img_size': 518,
 'load_from': '/home/tand/Documents/class/cs523/project/depth_anything_v2/Depth-Anything-V2/metric_depth/exp/HyperSim/ai_003_009/vits_HyperSim_v1.pth',
 'max_depth': 20.0,
 'min_depth': 0.001,
 'ngpus': 0,
 'outdir': 'ptq_log_oldpyt',
 'pyt_ver': 'oldpyt',
 'strict': 'nonstrict',
 'test_lim': 1}

[2025-12-02 23:57:01,412][    INFO] Using "cpu"
[2025-12-02 23:57:01,877][    INFO] Testing original model
Device: "cpu"
Size (full): 99.22 MB
[2025-12-02 23:57:05,445][    INFO] Measured over "1" samples of training data from "HyperSim" dataset
[2025-12-02 23:57:05,445][    INFO] Time is in seconds per sample (only for inference step)
[2025-12-02 23:57:05,445][    INFO]  
[2025-12-02 23:57:05,445][    INFO] ==================================================================================================
[2025-12-02 23:57:05,445][    INFO]       d1,       d2,       d3,  abs_rel,   sq_rel,     rmse, rmse_log,    log10,    silog,     time
[2025-12-02 23:57:05,445][    INFO]    0.997,    0.999,    1.000,    0.022,    0.005,    0.158,    0.037,    0.009,    0.036,    1.192
[2025-12-02 23:57:05,445][    INFO] ==================================================================================================

W1202 23:57:05.685000 79330 site-packages/torch/_export/__init__.py:67] +============================+
W1202 23:57:05.685000 79330 site-packages/torch/_export/__init__.py:68] |     !!!   WARNING   !!!    |
W1202 23:57:05.686000 79330 site-packages/torch/_export/__init__.py:69] +============================+
W1202 23:57:05.686000 79330 site-packages/torch/_export/__init__.py:70] capture_pre_autograd_graph() is deprecated and doesn't provide any function guarantee moving forward.
W1202 23:57:05.686000 79330 site-packages/torch/_export/__init__.py:71] Please switch to use torch.export.export_for_training instead.
[2025-12-03 00:02:21,425][    INFO] Testing quantized model
[2025-12-03 00:02:24,170][    INFO] Measured over "1" samples of training data from "HyperSim" dataset
[2025-12-03 00:02:24,170][    INFO] Time is in seconds per sample (only for inference step)
[2025-12-03 00:02:24,171][    INFO]  
[2025-12-03 00:02:24,171][    INFO] ==================================================================================================
[2025-12-03 00:02:24,171][    INFO]       d1,       d2,       d3,  abs_rel,   sq_rel,     rmse, rmse_log,    log10,    silog,     time
[2025-12-03 00:02:24,171][    INFO]    0.996,    0.999,    1.000,    0.019,    0.005,    0.149,    0.036,    0.008,    0.036,    2.540
[2025-12-03 00:02:24,171][    INFO] ==================================================================================================

Size (quantized): 27.35 MB
No CUDA runtime is found, using CUDA_HOME='/home/tand/miniconda3/envs/cs523'
[2025-12-03 00:02:50,169][    INFO] Measured over "1" samples of training data from "HyperSim" dataset
[2025-12-03 00:02:50,169][    INFO] Time is in seconds per sample (only for inference step)
[2025-12-03 00:02:50,169][    INFO]  
[2025-12-03 00:02:50,170][    INFO] ==================================================================================================
[2025-12-03 00:02:50,170][    INFO]       d1,       d2,       d3,  abs_rel,   sq_rel,     rmse, rmse_log,    log10,    silog,     time
[2025-12-03 00:02:50,170][    INFO]    0.996,    0.999,    1.000,    0.019,    0.005,    0.150,    0.036,    0.008,    0.036,   24.845
[2025-12-03 00:02:50,170][    INFO] ==================================================================================================

Size (optimized): 27.36 MB
