xFormers not available
xFormers not available
[2025-12-05 14:05:03,257][    INFO] {'bs': 1,
 'dataset': 'HyperSim',
 'encoder': 'vits',
 'epochs': 1,
 'img_size': 518,
 'lr': 5e-06,
 'max_depth': 20.0,
 'min_depth': 0.001,
 'ngpus': 0,
 'pretrained_from': '../checkpoints/depth_anything_v2_vits.pth',
 'save_path': './QAT'}

[2025-12-05 14:05:03,259][    INFO] Using "cuda"
[2025-12-05 14:05:08,113][    INFO] Estimate latency of checkpoint with same input
[2025-12-05 14:05:08,123][    INFO] Time per sample (ms): 52.43148292541504 +- 0.6556083029616774
[2025-12-05 14:05:08,199][    INFO] Size (checkpoint): 99.22 MB
[2025-12-05 14:05:11,086][    INFO] Estimate latency of finetuned1 with same input
[2025-12-05 14:05:11,086][    INFO] Time per sample (ms): 52.45388832092285 +- 0.3607273991653121
[2025-12-05 14:05:11,160][    INFO] Size (finetuned1): 99.22 MB
[2025-12-05 14:05:14,713][    INFO] Estimate latency of quantized1 with same input
[2025-12-05 14:05:14,713][    INFO] Time per sample (ms): 63.65716445922852 +- 0.7418414491787926
[2025-12-05 14:05:14,764][    INFO] Size (quantized1): 40.86 MB
[2025-12-05 14:05:17,678][    INFO] Estimate latency of finetuned2 with same input
[2025-12-05 14:05:17,678][    INFO] Time per sample (ms): 53.25840377807617 +- 0.6688552523406301
[2025-12-05 14:05:17,756][    INFO] Size (finetuned2): 99.22 MB
[2025-12-05 14:05:21,278][    INFO] Estimate latency of quantized2 with same input
[2025-12-05 14:05:21,279][    INFO] Time per sample (ms): 63.97300750732422 +- 0.41245389574382535
[2025-12-05 14:05:21,324][    INFO] Size (quantized2): 36.88 MB
[2025-12-05 14:05:21,327][    INFO] End of program





