xFormers not available
xFormers not available
[2025-12-04 13:22:24,322][    INFO] {'bs': 4,
 'dataset': 'HyperSim',
 'encoder': 'vits',
 'epochs': 120,
 'img_size': 518,
 'lr': 5e-06,
 'max_depth': 20,
 'min_depth': 0.001,
 'ngpus': 0,
 'pretrained_from': '../checkpoints/depth_anything_v2_vits.pth',
 'save_path': './QAT'}

[2025-12-04 13:22:24,323][    INFO] Using "cpu"
Traceback (most recent call last):
  File "/home/tand/Documents/class/cs523/project/depth_anything_v2/Depth-Anything-V2/metric_depth/qat.py", line 438, in <module>
    main()
  File "/home/tand/Documents/class/cs523/project/depth_anything_v2/Depth-Anything-V2/metric_depth/qat.py", line 413, in main
    quantized1_state = torch.load(quantized1_path, map_location='cpu')
  File "/home/tand/miniconda3/envs/cs523/lib/python3.10/site-packages/torch/serialization.py", line 1529, in load
    raise pickle.UnpicklingError(_get_wo_message(str(e))) from None
_pickle.UnpicklingError: Weights only load failed. This file can still be loaded, to do so you have two options, [1mdo those steps only if you trust the source of the checkpoint[0m. 
	(1) In PyTorch 2.6, we changed the default value of the `weights_only` argument in `torch.load` from `False` to `True`. Re-running `torch.load` with `weights_only` set to `False` will likely succeed, but it can result in arbitrary code execution. Do it only if you got the file from a trusted source.
	(2) Alternatively, to load with `weights_only=True` please check the recommended steps in the following error message.
	WeightsUnpickler error: Unsupported global: GLOBAL torchao.quantization.linear_activation_quantized_tensor.LinearActivationQuantizedTensor was not an allowed global by default. Please use `torch.serialization.add_safe_globals([torchao.quantization.linear_activation_quantized_tensor.LinearActivationQuantizedTensor])` or the `torch.serialization.safe_globals([torchao.quantization.linear_activation_quantized_tensor.LinearActivationQuantizedTensor])` context manager to allowlist this global if you trust this class/function.

Check the documentation of torch.load to learn more about types accepted by default with weights_only https://pytorch.org/docs/stable/generated/torch.load.html.
