xFormers not available
xFormers not available
[2025-12-02 19:19:43,928][    INFO] {'bs': 1,
 'dataset': 'HyperSim',
 'encoder': 'vits',
 'img_size': 518,
 'load_from': '/home/tand/Documents/class/cs523/project/depth_anything_v2/Depth-Anything-V2/metric_depth/exp/HyperSim/ai_003_009/vits_HyperSim_v1.pth',
 'max_depth': 20.0,
 'min_depth': 0.001,
 'ngpus': 0,
 'outdir': 'ptq_log_oldpyt',
 'pyt_ver': 'oldpyt',
 'strict': 'nonstrict',
 'test_lim': 20}

[2025-12-02 19:19:43,929][    INFO] Using "cpu"
[2025-12-02 19:19:44,417][    INFO] Testing original model
Device: "cpu"
Size (full): 99.22 MB
[2025-12-02 19:20:29,681][    INFO] Measured over "20" samples of training data from "HyperSim" dataset
[2025-12-02 19:20:29,681][    INFO] Time is in seconds per sample (only for inference step)
[2025-12-02 19:20:29,681][    INFO]  
[2025-12-02 19:20:29,682][    INFO] ==================================================================================================
[2025-12-02 19:20:29,682][    INFO]       d1,       d2,       d3,  abs_rel,   sq_rel,     rmse, rmse_log,    log10,    silog,     time
[2025-12-02 19:20:29,682][    INFO]    0.998,    1.000,    1.000,    0.026,    0.007,    0.202,    0.036,    0.011,    0.032,    2.126
[2025-12-02 19:20:29,682][    INFO] ==================================================================================================

W1202 19:20:29.923000 60130 site-packages/torch/_export/__init__.py:67] +============================+
W1202 19:20:29.923000 60130 site-packages/torch/_export/__init__.py:68] |     !!!   WARNING   !!!    |
W1202 19:20:29.923000 60130 site-packages/torch/_export/__init__.py:69] +============================+
W1202 19:20:29.923000 60130 site-packages/torch/_export/__init__.py:70] capture_pre_autograd_graph() is deprecated and doesn't provide any function guarantee moving forward.
W1202 19:20:29.923000 60130 site-packages/torch/_export/__init__.py:71] Please switch to use torch.export.export_for_training instead.
[2025-12-02 19:20:39,528][    INFO] Testing quantized model
[2025-12-02 19:21:30,660][    INFO] Measured over "20" samples of training data from "HyperSim" dataset
[2025-12-02 19:21:30,660][    INFO] Time is in seconds per sample (only for inference step)
[2025-12-02 19:21:30,660][    INFO]  
[2025-12-02 19:21:30,660][    INFO] ==================================================================================================
[2025-12-02 19:21:30,660][    INFO]       d1,       d2,       d3,  abs_rel,   sq_rel,     rmse, rmse_log,    log10,    silog,     time
[2025-12-02 19:21:30,660][    INFO]    0.993,    0.999,    1.000,    0.025,    0.008,    0.195,    0.038,    0.010,    0.036,    2.531
[2025-12-02 19:21:30,660][    INFO] ==================================================================================================

Size (quantized): 27.35 MB
No CUDA runtime is found, using CUDA_HOME='/home/tand/miniconda3/envs/cs523'
[2025-12-02 19:22:32,164][    INFO] Measured over "20" samples of training data from "HyperSim" dataset
[2025-12-02 19:22:32,164][    INFO] Time is in seconds per sample (only for inference step)
[2025-12-02 19:22:32,164][    INFO]  
[2025-12-02 19:22:32,165][    INFO] ==================================================================================================
[2025-12-02 19:22:32,165][    INFO]       d1,       d2,       d3,  abs_rel,   sq_rel,     rmse, rmse_log,    log10,    silog,     time
[2025-12-02 19:22:32,165][    INFO]    0.993,    0.999,    1.000,    0.025,    0.008,    0.195,    0.038,    0.010,    0.036,    2.995
[2025-12-02 19:22:32,165][    INFO] ==================================================================================================

Size (optimized): 27.36 MB
